
Circuit 1 cell sky130_fd_pr__cap_mim_m3_1 and Circuit 2 cell sky130_fd_pr__cap_mim_m3_1 are black boxes.
Warning: Equate pins:  cell sky130_fd_pr__cap_mim_m3_1 is a placeholder, treated as a black box.
Warning: Equate pins:  cell sky130_fd_pr__cap_mim_m3_1 is a placeholder, treated as a black box.

Subcircuit pins:
Circuit 1: sky130_fd_pr__cap_mim_m3_1      |Circuit 2: sky130_fd_pr__cap_mim_m3_1      
-------------------------------------------|-------------------------------------------
1                                          |1                                          
2                                          |2                                          
---------------------------------------------------------------------------------------
Cell pin lists are equivalent.
Device classes sky130_fd_pr__cap_mim_m3_1 and sky130_fd_pr__cap_mim_m3_1 are equivalent.

Circuit 1 cell sky130_fd_pr__nfet_01v8 and Circuit 2 cell sky130_fd_pr__nfet_01v8 are black boxes.
Warning: Equate pins:  cell sky130_fd_pr__nfet_01v8 is a placeholder, treated as a black box.
Warning: Equate pins:  cell sky130_fd_pr__nfet_01v8 is a placeholder, treated as a black box.

Subcircuit pins:
Circuit 1: sky130_fd_pr__nfet_01v8         |Circuit 2: sky130_fd_pr__nfet_01v8         
-------------------------------------------|-------------------------------------------
1                                          |1                                          
2                                          |2                                          
3                                          |3                                          
4                                          |4                                          
---------------------------------------------------------------------------------------
Cell pin lists are equivalent.
Device classes sky130_fd_pr__nfet_01v8 and sky130_fd_pr__nfet_01v8 are equivalent.

Circuit 1 cell sky130_fd_pr__pfet_01v8_lvt and Circuit 2 cell sky130_fd_pr__pfet_01v8_lvt are black boxes.
Warning: Equate pins:  cell sky130_fd_pr__pfet_01v8_lvt is a placeholder, treated as a black box.
Warning: Equate pins:  cell sky130_fd_pr__pfet_01v8_lvt is a placeholder, treated as a black box.

Subcircuit pins:
Circuit 1: sky130_fd_pr__pfet_01v8_lvt     |Circuit 2: sky130_fd_pr__pfet_01v8_lvt     
-------------------------------------------|-------------------------------------------
1                                          |1                                          
2                                          |2                                          
3                                          |3                                          
4                                          |4                                          
---------------------------------------------------------------------------------------
Cell pin lists are equivalent.
Device classes sky130_fd_pr__pfet_01v8_lvt and sky130_fd_pr__pfet_01v8_lvt are equivalent.

Circuit 1 cell sky130_fd_pr__res_xhigh_po_0p35 and Circuit 2 cell sky130_fd_pr__res_xhigh_po_0p35 are black boxes.
Warning: Equate pins:  cell sky130_fd_pr__res_xhigh_po_0p35 is a placeholder, treated as a black box.
Warning: Equate pins:  cell sky130_fd_pr__res_xhigh_po_0p35 is a placeholder, treated as a black box.

Subcircuit pins:
Circuit 1: sky130_fd_pr__res_xhigh_po_0p35 |Circuit 2: sky130_fd_pr__res_xhigh_po_0p35 
-------------------------------------------|-------------------------------------------
1                                          |1                                          
2                                          |2                                          
3                                          |3                                          
---------------------------------------------------------------------------------------
Cell pin lists are equivalent.
Device classes sky130_fd_pr__res_xhigh_po_0p35 and sky130_fd_pr__res_xhigh_po_0p35 are equivalent.

Circuit 1 cell sky130_fd_pr__pfet_01v8 and Circuit 2 cell sky130_fd_pr__pfet_01v8 are black boxes.
Warning: Equate pins:  cell sky130_fd_pr__pfet_01v8 is a placeholder, treated as a black box.
Warning: Equate pins:  cell sky130_fd_pr__pfet_01v8 is a placeholder, treated as a black box.

Subcircuit pins:
Circuit 1: sky130_fd_pr__pfet_01v8         |Circuit 2: sky130_fd_pr__pfet_01v8         
-------------------------------------------|-------------------------------------------
1                                          |1                                          
2                                          |2                                          
3                                          |3                                          
4                                          |4                                          
---------------------------------------------------------------------------------------
Cell pin lists are equivalent.
Device classes sky130_fd_pr__pfet_01v8 and sky130_fd_pr__pfet_01v8 are equivalent.
Flattening unmatched subcell dev_cap_mim_m3_1_14_14 in circuit silicluster_jonah_2cap_dac (0)(32 instances)
Flattening unmatched subcell dev_nfet_01v8_20_1 in circuit silicluster_jonah_2cap_dac (0)(1 instance)
Flattening unmatched subcell dev_pfet_01v8_lvt_2_0p35 in circuit silicluster_jonah_2cap_dac (0)(3 instances)
Flattening unmatched subcell dev_res_xhigh_po_0p35_0p35_30 in circuit silicluster_jonah_2cap_dac (0)(2 instances)
Flattening unmatched subcell dev_nfet_01v8_1_0p15 in circuit silicluster_jonah_2cap_dac (0)(6 instances)
Flattening unmatched subcell dev_pfet_01v8_4_2 in circuit silicluster_jonah_2cap_dac (0)(2 instances)
Flattening unmatched subcell dev_res_xhigh_po_0p35_0p35_14 in circuit silicluster_jonah_2cap_dac (0)(1 instance)
Flattening unmatched subcell dev_pfet_01v8_lvt_4_1 in circuit silicluster_jonah_2cap_dac (0)(2 instances)
Flattening unmatched subcell dev_nfet_01v8_4_2 in circuit silicluster_jonah_2cap_dac (0)(2 instances)
Flattening unmatched subcell dev_pfet_01v8_2_0p15 in circuit silicluster_jonah_2cap_dac (0)(3 instances)
Flattening unmatched subcell dev_pfet_01v8_24_2 in circuit silicluster_jonah_2cap_dac (0)(1 instance)
Flattening unmatched subcell dev_cap_mim_m3_1_26_26 in circuit silicluster_jonah_2cap_dac (0)(1 instance)

Class silicluster_jonah_2cap_dac (0):  Merged 30 parallel devices.
Class silicluster_jonah_2cap_dac (0):  Merged 1 series devices.
Class silicluster_jonah_2cap_dac (1):  Merged 1 series devices.
Subcircuit summary:
Circuit 1: silicluster_jonah_2cap_dac      |Circuit 2: silicluster_jonah_2cap_dac      
-------------------------------------------|-------------------------------------------
sky130_fd_pr__cap_mim_m3_1 (33->3)         |sky130_fd_pr__cap_mim_m3_1 (33->3)         
sky130_fd_pr__nfet_01v8 (9)                |sky130_fd_pr__nfet_01v8 (9)                
sky130_fd_pr__pfet_01v8_lvt (5)            |sky130_fd_pr__pfet_01v8_lvt (5)            
sky130_fd_pr__res_xhigh_po_0p35 (3->2)     |sky130_fd_pr__res_xhigh_po_0p35 (3->2)     
sky130_fd_pr__pfet_01v8 (6)                |sky130_fd_pr__pfet_01v8 (6)                
Number of devices: 25                      |Number of devices: 25                      
Number of nets: 18                         |Number of nets: 18                         
---------------------------------------------------------------------------------------
Resolving symmetries by property value.
Resolving symmetries by pin name.
Netlists match uniquely.

Subcircuit pins:
Circuit 1: silicluster_jonah_2cap_dac      |Circuit 2: silicluster_jonah_2cap_dac      
-------------------------------------------|-------------------------------------------
charge_high                                |charge_high                                
charge_low                                 |charge_low                                 
share                                      |share                                      
vref_high                                  |vref_high                                  
vref_low                                   |vref_low                                   
VDPWR                                      |VDPWR                                      
vout                                       |vout                                       
VGND                                       |VGND                                       
---------------------------------------------------------------------------------------
Cell pin lists are equivalent.
Device classes silicluster_jonah_2cap_dac and silicluster_jonah_2cap_dac are equivalent.

Final result: Circuits match uniquely.
.
