
Magic 8.3 revision 678 - Compiled on Mon Jul 27 03:07:22 PM CEST 2026.
Starting magic under Tcl interpreter
Using the terminal as the console.
WARNING: RLIMIT_NOFILE is above 1024 and Tcl_Version<9 this may cause runtime issues [rlim_cur=1048576]
Using NULL graphics device.
Processing system .magicrc file
Switching to WIRING tool.
Switching to NETLIST tool.
Switching to PICK tool.
Switching to BOX tool.
Sourcing design .magicrc for technology sky130A ...
2 Magic internal units = 1 Lambda
Input style sky130(): scaleFactor=2, multiplier=2
The following types are not handled by extraction and will be treated as non-electrical types:
    ubm 
Scaled tech values by 2 / 1 to match internal grid scaling
Loading sky130A Device Generator Menu ...
Loading "/foss/designs/work/silicluster_dac/build/pex2/pex_silicluster_jonah_2cap_dac.tcl" from command line.
Warning: Calma reading is not undoable!  I hope that's OK.
Library written using GDS-II Release 3.0
Library name: silicluster_jonah_2cap_dac
Reading "dev_cap_mim_m3_1_14_14".
Reading "dev_cap_mim_m3_1_26_26".
Reading "dev_res_xhigh_po_0p35_0p35_30".
Reading "dev_res_xhigh_po_0p35_0p35_14".
Reading "dev_nfet_01v8_1_0p15".
Reading "dev_pfet_01v8_2_0p15".
Reading "dev_pfet_01v8_lvt_2_0p35".
Reading "dev_pfet_01v8_4_2".
Reading "dev_pfet_01v8_lvt_4_1".
Reading "dev_nfet_01v8_4_2".
Reading "dev_pfet_01v8_24_2".
Reading "dev_nfet_01v8_20_1".
Reading "silicluster_jonah_2cap_dac".
Extracting silicluster_jonah_2cap_dac_pex into /foss/designs/work/silicluster_dac/build/pex2/silicluster_jonah_2cap_dac_pex.ext:
Processing silicluster_jonah_2cap_dac_pex
exttospice finished.
