
Note: No compatibility mode selected!


Circuit: * suarez dac extracted-layout qualification

Doing analysis at TEMP = -40.000000 and TNOM = 27.000000

Using SPARSE 1.3 as Direct Linear Solver

Initial Transient Solution
--------------------------

Node                                   Voltage
----                                   -------
vdd                                       1.62
refh                                       0.9
refl                                       0.2
hi                                         0.9
lo                                         0.2
out                                   0.199976
pad                                   0.199966
xdut.vdpwr.t13                         1.61994
xdut.charge_high.t1                          0
xdut.h_bar.t1                          1.61994
xdut.vdpwr.t12                         1.61994
xdut.vgnd.t53                      5.19708e-05
xdut.charge_low.t2                           0
xdut.l_bar.t0                          1.61994
xdut.vgnd.t52                      5.29219e-05
xdut.sample.t5                        0.810016
xdut.charge_low.t0                           0
xdut.vref_low.t1                           0.2
xdut.vgnd.t54                      8.13454e-05
xdut.hold                                  0.2
xdut.x3.a                          5.87969e-06
xdut.x3.b1                         5.87969e-06
xdut.vgnd.t6                       5.87969e-06
xdut.x4.a                          4.06139e-06
xdut.x4.b1                         4.06139e-06
xdut.vgnd.t4                       4.06139e-06
xdut.sample                           0.810016
xdut.x5.a                          4.06139e-06
xdut.x5.b1                         4.06139e-06
xdut.x6.a                          5.87969e-06
xdut.x6.b1                         5.87969e-06
xdut.x7.a                          5.80637e-06
xdut.x7.b1                         5.80637e-06
xdut.vgnd.t8                       5.80637e-06
xdut.x8.a                          4.13471e-06
xdut.x8.b1                         4.13471e-06
xdut.vgnd.t2                       4.13471e-06
xdut.vgnd.t49                      4.09788e-05
xdut.charge_high.t2                          0
xdut.h_bar.t0                          1.61994
xdut.vgnd.t48                      4.36705e-05
xdut.sample.t4                        0.810016
xdut.charge_high.t0                          0
xdut.vref_high.t1                          0.9
xdut.vgnd.t50                      7.16197e-05
xdut.x11.a                         4.13471e-06
xdut.x11.b1                        4.13471e-06
xdut.vgnd.t11                       0.00013171
xdut.mirror.t3                        0.639119
xdut.amp.t1                           0.638424
xdut.vgnd.t10                      0.000115584
xdut.x13.a                         4.13471e-06
xdut.x13.b1                        4.13471e-06
xdut.tail.t2                           1.00487
xdut.vout.t4                          0.199978
xdut.mirror.t2                         0.63915
xdut.vdpwr.t14                         1.61995
xdut.x15.a                         4.13471e-06
xdut.x15.b1                        4.13471e-06
xdut.x16.a                         5.87969e-06
xdut.x16.b1                        5.87969e-06
xdut.x17.a                         4.13471e-06
xdut.x17.b1                        4.13471e-06
xdut.x18.a                         4.06139e-06
xdut.x18.b1                        4.06139e-06
xdut.hold.t0                               0.2
xdut.s_bar.t2                          1.61994
xdut.sample.t2                        0.810016
xdut.vdpwr.t2                          1.61994
xdut.x20.a                         5.80637e-06
xdut.x20.b1                        5.80637e-06
xdut.x21.a                         4.06139e-06
xdut.x21.b1                        4.06139e-06
xdut.vdpwr.t6                          1.61988
xdut.bias.t4                          0.373694
xdut.tail.t0                           1.00497
xdut.vdpwr.t5                          1.61995
xdut.x23.a                         5.87969e-06
xdut.x23.b1                        5.87969e-06
xdut.x24.a                         5.87969e-06
xdut.x24.b1                        5.87969e-06
xdut.x25.a                         5.80637e-06
xdut.x25.b1                        5.80637e-06
xdut.x26.a                         5.80637e-06
xdut.x26.b1                        5.80637e-06
xdut.sample.t0                        0.810016
xdut.l_bar.t2                          1.61994
xdut.vref_low.t0                           0.2
xdut.vdpwr.t0                          1.61994
xdut.vdpwr.t8                          1.61987
xdut.bias.t1                          0.373694
xdut.bias.t2                          0.373757
xdut.vdpwr.t7                          1.61994
xdut.x29.xsky130_fd_pr__res_xhigh_po_0p35.ra        0.638436
xdut.comp                             0.638436
xdut.amp.t2                           0.638436
xdut.vgnd.t44                      0.000121724
xdut.x30.a                         4.06139e-06
xdut.x30.b1                        4.06139e-06
xdut.x31.xsky130_fd_pr__res_xhigh_po_0p35.ra        0.186345
xdut.vgnd.t43                      0.000207743
xdut.rbmid                             0.18692
xdut.vgnd.t42                      0.000119763
xdut.sample.t1                        0.810016
xdut.h_bar.t2                          1.61994
xdut.vref_high.t0                          0.9
xdut.vdpwr.t1                          1.61994
xdut.x33.xsky130_fd_pr__res_xhigh_po_0p35.ra        0.373057
xdut.bias.t0                          0.373633
xdut.vgnd.t41                      0.000117802
xdut.x34.a                         4.06139e-06
xdut.x34.b1                        4.06139e-06
xdut.x35.a                         5.87969e-06
xdut.x35.b1                        5.87969e-06
xdut.x36.a                         4.06139e-06
xdut.x36.b1                        4.06139e-06
xdut.vgnd.t13                      0.000131712
xdut.mirror.t0                        0.639119
xdut.mirror.t1                        0.639106
xdut.vgnd.t12                      0.000115455
xdut.vgnd.t1                        0.00058008
xdut.amp.t3                           0.638436
xdut.vout.t0                          0.199499
xdut.vgnd.t0                       0.000127162
xdut.x39.a                            0.199977
xdut.x39.b1                           0.199977
xdut.vout.t2                          0.199977
xdut.x40.a                         4.13471e-06
xdut.x40.b1                        4.13471e-06
xdut.tail.t1                           1.00487
xdut.hold.t2                               0.2
xdut.amp.t0                           0.638468
xdut.vdpwr.t9                          1.61995
xdut.x42.a                         5.87969e-06
xdut.x42.b1                        5.87969e-06
xdut.x43.a                         4.13471e-06
xdut.x43.b1                        4.13471e-06
xdut.x44.a                         4.13471e-06
xdut.x44.b1                        4.13471e-06
xdut.x45.a                         5.80637e-06
xdut.x45.b1                        5.80637e-06
xdut.x46.a                         5.80637e-06
xdut.x46.b1                        5.80637e-06
xdut.x47.a                         5.87969e-06
xdut.x47.b1                        5.87969e-06
xdut.x48.a                         5.80637e-06
xdut.x48.b1                        5.80637e-06
xdut.vdpwr.t11                         1.61994
xdut.share.t1                                0
xdut.s_bar.t1                          1.61994
xdut.vdpwr.t10                         1.61994
xdut.vdpwr.t4                          1.61905
xdut.bias.t3                          0.373694
xdut.vout.t1                           0.20091
xdut.vdpwr.t3                          1.61996
xdut.vdpwr.t16                         1.61994
xdut.charge_low.t1                           0
xdut.l_bar.t1                          1.61994
xdut.vdpwr.t15                         1.61994
xdut.vgnd.t46                        6.173e-05
xdut.share.t2                                0
xdut.s_bar.t0                          1.61994
xdut.vgnd.t45                      6.20255e-05
xdut.hold.t1                               0.2
xdut.share.t0                                0
xdut.sample.t3                        0.810016
xdut.vgnd.t47                      9.08589e-05
xdut.x54.a                         5.80637e-06
xdut.x54.b1                        5.80637e-06
xdut.x55.a                         4.06139e-06
xdut.x55.b1                        4.06139e-06
xdut.amp                              0.638436
xdut.bias                             0.373694
xdut.tail                               1.0049
xdut.mirror                           0.639119
xdut.l_bar                             1.61994
h                                            0
s                                            0
xdut.s_bar                             1.61994
l                                            0
xdut.h_bar                             1.61994
xdut.bias.n0                          0.373695
xdut.bias.n1                          0.373698
xdut.bias.n2                           0.37375
xdut.bias.n3                          0.373694
xdut.bias.n4                          0.373694
xdut.bias.n5                          0.373694
xdut.bias.n6                          0.373694
xdut.bias.n7                          0.373694
xdut.bias.n8                          0.373694
xdut.bias.n9                          0.373694
xdut.bias.n10                         0.373694
xdut.bias.n11                         0.373694
xdut.bias.n12                         0.373694
xdut.bias.n13                         0.373694
xdut.bias.n14                         0.373694
xdut.bias.n15                         0.373688
xdut.bias.n16                         0.373694
xdut.bias.n17                         0.373698
xdut.h_bar.n0                          1.61994
xdut.h_bar.n1                          1.61994
xdut.h_bar.n2                          1.61994
xdut.h_bar.n3                          1.61994
xdut.h_bar.n4                          1.61994
xdut.h_bar.n5                          1.61994
xdut.h_bar.n6                          1.61994
xdut.l_bar.n0                          1.61994
xdut.l_bar.n1                          1.61994
xdut.l_bar.n2                          1.61994
xdut.l_bar.n3                          1.61994
xdut.l_bar.n4                          1.61994
xdut.l_bar.n5                          1.61994
xdut.l_bar.n6                          1.61994
xdut.l_bar.n7                          1.61994
xdut.s_bar.n0                          1.61994
xdut.s_bar.n1                          1.61994
xdut.s_bar.n2                          1.61994
xdut.s_bar.n3                          1.61994
xdut.s_bar.n4                          1.61994
xdut.s_bar.n5                          1.61994
xdut.s_bar.n6                          1.61994
xdut.s_bar.n7                          1.61994
xdut.sample.n0                        0.810016
xdut.sample.n1                        0.810016
xdut.sample.n2                        0.810016
xdut.sample.n7                        0.810016
xdut.sample.n8                        0.810016
xdut.sample.n9                        0.810016
xdut.sample.n10                       0.810016
xdut.sample.n11                       0.810016
xdut.sample.n12                       0.810016
xdut.sample.n13                       0.810016
xdut.sample.n14                       0.810016
xdut.sample.n15                       0.810016
xdut.sample.n16                       0.810016
xdut.sample.n17                       0.810016
xdut.sample.n18                       0.810016
xdut.sample.n19                       0.810016
xdut.sample.n20                       0.810016
xdut.sample.n21                       0.810016
xdut.sample.n22                       0.810016
xdut.sample.n23                       0.810016
xdut.sample.n27                       0.810016
xdut.sample.n30                       0.810016
xdut.sample.n34                       0.810016
xdut.sample.n37                       0.810016
xdut.sample.n38                       0.810016
xdut.hold.n0                               0.2
xdut.hold.n6                               0.2
xdut.hold.n9                               0.2
xdut.hold.n10                              0.2
xdut.hold.n11                              0.2
xdut.hold.n12                              0.2
xdut.hold.n13                              0.2
xdut.hold.n14                              0.2
xdut.hold.n15                              0.2
xdut.hold.n16                              0.2
xdut.hold.n17                              0.2
xdut.hold.n18                              0.2
xdut.hold.n19                              0.2
xdut.hold.n20                              0.2
xdut.hold.n21                              0.2
xdut.hold.n22                              0.2
xdut.hold.n23                              0.2
xdut.hold.n24                              0.2
xdut.hold.n25                              0.2
xdut.hold.n26                              0.2
xdut.tail.n0                            1.0049
xdut.tail.n1                            1.0049
xdut.tail.n2                           1.00491
xdut.tail.n3                           1.00496
xdut.tail.n4                           1.00491
xdut.tail.n5                           1.00491
xdut.tail.n6                            1.0049
xdut.tail.n7                            1.0049
xdut.tail.n8                            1.0049
xdut.tail.n9                           1.00488
xdut.tail.n10                           1.0049
xdut.amp.n1                           0.638436
xdut.amp.n2                           0.638436
xdut.amp.n3                           0.638436
xdut.amp.n4                           0.638436
xdut.amp.n5                           0.638434
xdut.amp.n6                           0.638426
xdut.amp.n8                           0.638435
xdut.amp.n9                           0.638436
xdut.amp.n10                          0.638436
xdut.amp.n11                          0.638436
xdut.amp.n12                          0.638436
xdut.amp.n13                          0.638438
xdut.amp.n14                          0.638464
xdut.amp.n15                          0.638439
xdut.mirror.n0                        0.639119
xdut.mirror.n2                        0.639119
xdut.mirror.n3                        0.639119
xdut.mirror.n4                        0.639119
xdut.mirror.n5                        0.639119
xdut.mirror.n6                        0.639119
xdut.mirror.n7                        0.639119
xdut.mirror.n8                        0.639119
xdut.mirror.n9                        0.639119
xdut.mirror.n10                       0.639117
xdut.mirror.n11                       0.639109
xdut.mirror.n13                       0.639117
xdut.mirror.n14                        0.63912
xdut.mirror.n15                       0.639146
xdut.mirror.n16                       0.639121
xdut.vdpwr.n0                          1.61994
xdut.vdpwr.n1                          1.61995
xdut.vdpwr.n2                          1.61999
xdut.vdpwr.n3                          1.61994
xdut.vdpwr.n4                          1.61994
xdut.vdpwr.n5                          1.61996
xdut.vdpwr.n10                         1.61994
xdut.vdpwr.n17                         1.61994
xdut.vdpwr.n28                         1.61994
xdut.vdpwr.n49                         1.61994
xdut.vdpwr.n52                         1.61994
xdut.vdpwr.n53                         1.61994
xdut.vdpwr.n58                         1.61994
xdut.vdpwr.n65                         1.61994
xdut.vdpwr.n76                         1.61994
xdut.vdpwr.n97                         1.61994
xdut.vdpwr.n100                        1.61994
xdut.vdpwr.n105                        1.61994
xdut.vdpwr.n112                        1.61994
xdut.vdpwr.n123                        1.61994
xdut.vdpwr.n144                        1.61994
xdut.vdpwr.n147                        1.61994
xdut.vdpwr.n153                        1.61994
xdut.vdpwr.n154                        1.61994
xdut.vdpwr.n162                        1.61994
xdut.vdpwr.n163                        1.61994
xdut.vdpwr.n167                        1.61994
xdut.vdpwr.n175                        1.61994
xdut.vdpwr.n181                        1.61994
xdut.vdpwr.n188                        1.61994
xdut.vdpwr.n194                        1.61994
xdut.vdpwr.n198                        1.61994
xdut.vdpwr.n199                        1.61994
xdut.vdpwr.n205                        1.61994
xdut.vdpwr.n206                        1.61994
xdut.vdpwr.n214                        1.61994
xdut.vdpwr.n215                        1.61994
xdut.vdpwr.n219                        1.61994
xdut.vdpwr.n227                        1.61994
xdut.vdpwr.n233                        1.61994
xdut.vdpwr.n240                        1.61994
xdut.vdpwr.n246                        1.61994
xdut.vdpwr.n250                        1.61994
xdut.vdpwr.n251                        1.61994
xdut.vdpwr.n257                        1.61994
xdut.vdpwr.n258                        1.61994
xdut.vdpwr.n266                        1.61994
xdut.vdpwr.n267                        1.61994
xdut.vdpwr.n271                        1.61994
xdut.vdpwr.n279                        1.61994
xdut.vdpwr.n285                        1.61994
xdut.vdpwr.n292                        1.61994
xdut.vdpwr.n298                        1.61994
xdut.vdpwr.n302                        1.61994
xdut.vdpwr.n307                        1.61994
xdut.vdpwr.n312                        1.61994
xdut.vdpwr.n316                        1.61994
xdut.vdpwr.n348                        1.61994
xdut.vdpwr.n354                        1.61994
xdut.vdpwr.n355                        1.61994
xdut.vdpwr.n397                        1.61994
xdut.vdpwr.n398                        1.61994
xdut.vdpwr.n399                        1.61994
xdut.vdpwr.n405                        1.61994
xdut.vdpwr.n408                        1.61994
xdut.vdpwr.n413                        1.61995
xdut.vdpwr.n418                        1.61995
xdut.vdpwr.n422                        1.61995
xdut.vdpwr.n454                        1.61995
xdut.vdpwr.n460                        1.61995
xdut.vdpwr.n461                        1.61995
xdut.vdpwr.n503                        1.61995
xdut.vdpwr.n504                        1.61995
xdut.vdpwr.n505                        1.61995
xdut.vdpwr.n511                        1.61995
xdut.vdpwr.n514                        1.61995
xdut.vdpwr.n518                        1.61995
xdut.vdpwr.n521                        1.61995
xdut.vdpwr.n528                        1.61995
xdut.vdpwr.n532                        1.61995
xdut.vdpwr.n536                        1.61995
xdut.vdpwr.n540                        1.61995
xdut.vdpwr.n544                        1.61995
xdut.vdpwr.n548                        1.61995
xdut.vdpwr.n561                        1.61995
xdut.vdpwr.n567                        1.61995
xdut.vdpwr.n573                        1.61995
xdut.vdpwr.n579                        1.61995
xdut.vdpwr.n585                        1.61995
xdut.vdpwr.n592                        1.61995
xdut.vdpwr.n599                        1.61995
xdut.vdpwr.n605                        1.61995
xdut.vdpwr.n609                        1.61995
xdut.vdpwr.n612                        1.61995
xdut.vdpwr.n619                        1.61995
xdut.vdpwr.n623                        1.61995
xdut.vdpwr.n627                        1.61995
xdut.vdpwr.n631                        1.61995
xdut.vdpwr.n635                        1.61995
xdut.vdpwr.n639                        1.61995
xdut.vdpwr.n652                        1.61995
xdut.vdpwr.n658                        1.61995
xdut.vdpwr.n664                        1.61995
xdut.vdpwr.n670                        1.61995
xdut.vdpwr.n676                        1.61995
xdut.vdpwr.n683                        1.61995
xdut.vdpwr.n690                        1.61995
xdut.vdpwr.n696                        1.61995
xdut.vdpwr.n697                        1.61995
xdut.vdpwr.n702                        1.61996
xdut.vdpwr.n707                        1.61996
xdut.vdpwr.n711                        1.61996
xdut.vdpwr.n887                        1.61996
xdut.vdpwr.n893                        1.61996
xdut.vdpwr.n894                        1.61996
xdut.vdpwr.n1081                       1.61996
xdut.vdpwr.n1082                       1.61996
xdut.vdpwr.n1083                       1.61996
xdut.vdpwr.n1089                       1.61996
xdut.vdpwr.n1092                       1.61996
xdut.charge_high.n0                          0
xdut.charge_low.n0                           0
xdut.share.n0                                0
xdut.vref_high.n0                          0.9
xdut.vref_low.n0                           0.2
xdut.vout.n0                          0.199978
xdut.vout.n1                          0.199978
xdut.vout.n2                          0.199977
xdut.vdpwr.n156                        1.61994
xdut.vdpwr.n185                        1.61994
xdut.vdpwr.n190                        1.61994
xdut.vdpwr.n158                        1.61994
xdut.vdpwr.n187                        1.61994
xdut.vdpwr.n208                        1.61994
xdut.vdpwr.n237                        1.61994
xdut.vdpwr.n242                        1.61994
xdut.vdpwr.n210                        1.61994
xdut.vdpwr.n239                        1.61994
xdut.vdpwr.n260                        1.61994
xdut.vdpwr.n289                        1.61994
xdut.vdpwr.n294                        1.61994
xdut.vdpwr.n262                        1.61994
xdut.vdpwr.n291                        1.61994
xdut.vdpwr.n598                        1.61995
xdut.vdpwr.n596                        1.61995
xdut.vdpwr.n594                        1.61995
xdut.vdpwr.n527                        1.61995
xdut.vdpwr.n520                        1.61995
xdut.vdpwr.n519                        1.61995
xdut.vdpwr.n560                        1.61995
xdut.vdpwr.n558                        1.61995
xdut.vdpwr.n539                        1.61995
xdut.vdpwr.n575                        1.61995
xdut.vdpwr.n535                        1.61995
xdut.vdpwr.n581                        1.61995
xdut.vdpwr.n689                        1.61995
xdut.vdpwr.n687                        1.61995
xdut.vdpwr.n685                        1.61995
xdut.vdpwr.n618                        1.61995
xdut.vdpwr.n611                        1.61995
xdut.vdpwr.n610                        1.61995
xdut.vdpwr.n651                        1.61995
xdut.vdpwr.n649                        1.61995
xdut.vdpwr.n630                        1.61995
xdut.vdpwr.n666                        1.61995
xdut.vdpwr.n626                        1.61995
xdut.vdpwr.n672                        1.61995
xdut.vdpwr.n362                        1.61994
xdut.vdpwr.n373                        1.61994
xdut.vdpwr.n305                        1.61994
xdut.vdpwr.n309                        1.61994
xdut.vdpwr.n403                        1.61994
xdut.vdpwr.n468                        1.61995
xdut.vdpwr.n479                        1.61995
xdut.vdpwr.n411                        1.61995
xdut.vdpwr.n507                        1.61995
xdut.vdpwr.n415                        1.61995
xdut.vdpwr.n453                        1.61995
xdut.vdpwr.n451                        1.61995
xdut.vdpwr.n161                        1.61994
xdut.vdpwr.n183                        1.61994
xdut.vdpwr.n213                        1.61994
xdut.vdpwr.n235                        1.61994
xdut.vdpwr.n265                        1.61994
xdut.vdpwr.n287                        1.61994
xdut.vdpwr.n346                        1.61994
xdut.vdpwr.n311                        1.61994
xdut.vdpwr.n587                        1.61995
xdut.vdpwr.n531                        1.61995
xdut.vdpwr.n678                        1.61995
xdut.vdpwr.n622                        1.61995
xdut.vdpwr.n900                        1.61996
xdut.vdpwr.n942                        1.61996
xdut.vdpwr.n700                        1.61996
xdut.vdpwr.n1084                       1.61996
xdut.vdpwr.n1086                       1.61996
xdut.vdpwr.n708                        1.61996
xdut.vdpwr.n889                        1.61996
xdut.vdpwr.n895                        1.61996
xdut.vdpwr.n897                        1.61996
xdut.vgnd.n923                     0.000128991
xdut.vgnd.n930                     0.000127841
xdut.vgnd.n50                        0.0001177
xdut.vgnd.n723                     0.000115158
xdut.vgnd.n1                       0.000115818
xdut.vgnd.n798                     0.000115622
xdut.vgnd.n728                     0.000115398
xdut.vgnd.n676                     0.000115423
xdut.vgnd.n678                     0.000115561
xdut.vgnd.n693                     0.000115724
xdut.vgnd.n740                     0.000115593
xdut.vgnd.n742                     0.000115617
xdut.vgnd.n738                     0.000115514
xdut.vgnd.n674                     0.000115467
xdut.vgnd.n732                     0.000115471
xdut.vgnd.n0                       0.000117746
xdut.vgnd.n5                         6.173e-05
vforce#branch                       1.2199e-12
vs#branch                                    0
vl#branch                                    0
vh#branch                                    0
vlo#branch                         1.22003e-12
vhi#branch                         -1.7998e-13
vdd#branch                        -6.38968e-06

 Reference value :  0.00000e+00 Reference value :  1.63974e-05
No. of Data Rows : 1002
ngspice-46 done
