Note: Starting dynamic gmin stepping
Note: Dynamic gmin stepping completed

Note: No compatibility mode selected!


Circuit: * suarez dac extracted-layout qualification

Doing analysis at TEMP = -40.000000 and TNOM = 27.000000

Using SPARSE 1.3 as Direct Linear Solver

Initial Transient Solution
--------------------------

Node                                   Voltage
----                                   -------
vdd                                       1.98
refh                                       0.9
refl                                       0.2
hi                                         0.9
lo                                         0.2
out                                   0.200083
pad                                   0.200073
xdut.vdpwr.t13                         1.97989
xdut.charge_high.t1                          0
xdut.h_bar.t1                          1.97989
xdut.vdpwr.t12                         1.97989
xdut.vgnd.t53                       0.00010435
xdut.charge_low.t2                           0
xdut.l_bar.t0                          1.97989
xdut.vgnd.t52                       0.00010626
xdut.sample.t5                        0.990029
xdut.charge_low.t0                           0
xdut.vref_low.t1                           0.2
xdut.vgnd.t54                       0.00016333
xdut.hold                                  0.2
xdut.x3.a                          1.18056e-05
xdut.x3.b1                         1.18056e-05
xdut.vgnd.t6                       1.18056e-05
xdut.x4.a                          8.15472e-06
xdut.x4.b1                         8.15472e-06
xdut.vgnd.t4                       8.15472e-06
xdut.sample                           0.990029
xdut.x5.a                          8.15472e-06
xdut.x5.b1                         8.15472e-06
xdut.x6.a                          1.18056e-05
xdut.x6.b1                         1.18056e-05
xdut.x7.a                          1.16584e-05
xdut.x7.b1                         1.16584e-05
xdut.vgnd.t8                       1.16584e-05
xdut.x8.a                          8.30193e-06
xdut.x8.b1                         8.30193e-06
xdut.vgnd.t2                       8.30193e-06
xdut.vgnd.t49                      8.22797e-05
xdut.charge_high.t2                          0
xdut.h_bar.t0                          1.97989
xdut.vgnd.t48                      8.76838e-05
xdut.sample.t4                        0.990029
xdut.charge_high.t0                          0
xdut.vref_high.t1                          0.9
xdut.vgnd.t50                      0.000143802
xdut.x11.a                         8.30193e-06
xdut.x11.b1                        8.30193e-06
xdut.vgnd.t11                      0.000264746
xdut.mirror.t3                        0.623154
xdut.amp.t1                           0.625893
xdut.vgnd.t10                      0.000232074
xdut.x13.a                         8.30193e-06
xdut.x13.b1                        8.30193e-06
xdut.tail.t2                          0.968771
xdut.vout.t4                          0.200085
xdut.mirror.t2                        0.623217
xdut.vdpwr.t14                          1.9799
xdut.x15.a                         8.30193e-06
xdut.x15.b1                        8.30193e-06
xdut.x16.a                         1.18056e-05
xdut.x16.b1                        1.18056e-05
xdut.x17.a                         8.30193e-06
xdut.x17.b1                        8.30193e-06
xdut.x18.a                         8.15472e-06
xdut.x18.b1                        8.15472e-06
xdut.hold.t0                               0.2
xdut.s_bar.t2                          1.97989
xdut.sample.t2                        0.990029
xdut.vdpwr.t2                          1.97989
xdut.x20.a                         1.16584e-05
xdut.x20.b1                        1.16584e-05
xdut.x21.a                         8.15472e-06
xdut.x21.b1                        8.15472e-06
xdut.vdpwr.t6                          1.97975
xdut.bias.t4                          0.750462
xdut.tail.t0                          0.968961
xdut.vdpwr.t5                          1.97989
xdut.x23.a                         1.18056e-05
xdut.x23.b1                        1.18056e-05
xdut.x24.a                         1.18056e-05
xdut.x24.b1                        1.18056e-05
xdut.x25.a                         1.16584e-05
xdut.x25.b1                        1.16584e-05
xdut.x26.a                         1.16584e-05
xdut.x26.b1                        1.16584e-05
xdut.sample.t0                        0.990029
xdut.l_bar.t2                          1.97989
xdut.vref_low.t0                           0.2
xdut.vdpwr.t0                          1.97989
xdut.vdpwr.t8                          1.97975
xdut.bias.t1                          0.750462
xdut.bias.t2                          0.750589
xdut.vdpwr.t7                          1.97989
xdut.x29.xsky130_fd_pr__res_xhigh_po_0p35.ra        0.625918
xdut.comp                             0.625918
xdut.amp.t2                           0.625918
xdut.vgnd.t44                      0.000244395
xdut.x30.a                         8.15472e-06
xdut.x30.b1                        8.15472e-06
xdut.x31.xsky130_fd_pr__res_xhigh_po_0p35.ra        0.374212
xdut.vgnd.t43                      0.000417193
xdut.rbmid                            0.375378
xdut.vgnd.t42                      0.000240467
xdut.sample.t1                        0.990029
xdut.h_bar.t2                          1.97989
xdut.vref_high.t0                          0.9
xdut.vdpwr.t1                          1.97989
xdut.x33.xsky130_fd_pr__res_xhigh_po_0p35.ra        0.749173
xdut.bias.t0                          0.750339
xdut.vgnd.t41                      0.000236536
xdut.x34.a                         8.15472e-06
xdut.x34.b1                        8.15472e-06
xdut.x35.a                         1.18056e-05
xdut.x35.b1                        1.18056e-05
xdut.x36.a                         8.15472e-06
xdut.x36.b1                        8.15472e-06
xdut.vgnd.t13                      0.000264733
xdut.mirror.t0                        0.623154
xdut.mirror.t1                        0.623129
xdut.vgnd.t12                      0.000231816
xdut.vgnd.t1                        0.00116284
xdut.amp.t3                           0.625918
xdut.vout.t0                          0.199126
xdut.vgnd.t0                       0.000255285
xdut.x39.a                            0.200084
xdut.x39.b1                           0.200084
xdut.vout.t2                          0.200084
xdut.x40.a                         8.30193e-06
xdut.x40.b1                        8.30193e-06
xdut.tail.t1                          0.968771
xdut.hold.t2                               0.2
xdut.amp.t0                           0.625981
xdut.vdpwr.t9                          1.97989
xdut.x42.a                         1.18056e-05
xdut.x42.b1                        1.18056e-05
xdut.x43.a                         8.30193e-06
xdut.x43.b1                        8.30193e-06
xdut.x44.a                         8.30193e-06
xdut.x44.b1                        8.30193e-06
xdut.x45.a                         1.16584e-05
xdut.x45.b1                        1.16584e-05
xdut.x46.a                         1.16584e-05
xdut.x46.b1                        1.16584e-05
xdut.x47.a                         1.18056e-05
xdut.x47.b1                        1.18056e-05
xdut.x48.a                         1.16584e-05
xdut.x48.b1                        1.16584e-05
xdut.vdpwr.t11                         1.97989
xdut.share.t1                                0
xdut.s_bar.t1                          1.97989
xdut.vdpwr.t10                         1.97989
xdut.vdpwr.t4                           1.9781
xdut.bias.t3                          0.750462
xdut.vout.t1                          0.201949
xdut.vdpwr.t3                          1.97991
xdut.vdpwr.t16                         1.97989
xdut.charge_low.t1                           0
xdut.l_bar.t1                          1.97989
xdut.vdpwr.t15                         1.97989
xdut.vgnd.t46                      0.000123945
xdut.share.t2                                0
xdut.s_bar.t0                          1.97989
xdut.vgnd.t45                      0.000124538
xdut.hold.t1                               0.2
xdut.share.t0                                0
xdut.sample.t3                        0.990029
xdut.vgnd.t47                      0.000182432
xdut.x54.a                         1.16584e-05
xdut.x54.b1                        1.16584e-05
xdut.x55.a                         8.15472e-06
xdut.x55.b1                        8.15472e-06
xdut.amp                              0.625918
xdut.bias                             0.750462
xdut.tail                             0.968834
xdut.mirror                           0.623154
xdut.l_bar                             1.97989
h                                            0
s                                            0
xdut.s_bar                             1.97989
l                                            0
xdut.h_bar                             1.97989
xdut.bias.n0                          0.750463
xdut.bias.n1                          0.750471
xdut.bias.n2                          0.750575
xdut.bias.n3                          0.750462
xdut.bias.n4                          0.750462
xdut.bias.n5                          0.750462
xdut.bias.n6                          0.750463
xdut.bias.n7                          0.750462
xdut.bias.n8                          0.750462
xdut.bias.n9                          0.750462
xdut.bias.n10                         0.750463
xdut.bias.n11                         0.750462
xdut.bias.n12                         0.750462
xdut.bias.n13                         0.750462
xdut.bias.n14                         0.750463
xdut.bias.n15                         0.750451
xdut.bias.n16                         0.750462
xdut.bias.n17                          0.75047
xdut.h_bar.n0                          1.97989
xdut.h_bar.n1                          1.97989
xdut.h_bar.n2                          1.97989
xdut.h_bar.n3                          1.97989
xdut.h_bar.n4                          1.97989
xdut.h_bar.n5                          1.97989
xdut.h_bar.n6                          1.97989
xdut.l_bar.n0                          1.97989
xdut.l_bar.n1                          1.97989
xdut.l_bar.n2                          1.97989
xdut.l_bar.n3                          1.97989
xdut.l_bar.n4                          1.97989
xdut.l_bar.n5                          1.97989
xdut.l_bar.n6                          1.97989
xdut.l_bar.n7                          1.97989
xdut.s_bar.n0                          1.97989
xdut.s_bar.n1                          1.97989
xdut.s_bar.n2                          1.97989
xdut.s_bar.n3                          1.97989
xdut.s_bar.n4                          1.97989
xdut.s_bar.n5                          1.97989
xdut.s_bar.n6                          1.97989
xdut.s_bar.n7                          1.97989
xdut.sample.n0                        0.990029
xdut.sample.n1                        0.990029
xdut.sample.n2                        0.990029
xdut.sample.n7                        0.990029
xdut.sample.n8                        0.990029
xdut.sample.n9                        0.990029
xdut.sample.n10                       0.990029
xdut.sample.n11                       0.990029
xdut.sample.n12                       0.990029
xdut.sample.n13                       0.990029
xdut.sample.n14                       0.990029
xdut.sample.n15                       0.990029
xdut.sample.n16                       0.990029
xdut.sample.n17                       0.990029
xdut.sample.n18                       0.990029
xdut.sample.n19                       0.990029
xdut.sample.n20                       0.990029
xdut.sample.n21                       0.990029
xdut.sample.n22                       0.990029
xdut.sample.n23                       0.990029
xdut.sample.n27                       0.990029
xdut.sample.n30                       0.990029
xdut.sample.n34                       0.990029
xdut.sample.n37                       0.990029
xdut.sample.n38                       0.990029
xdut.hold.n0                               0.2
xdut.hold.n6                               0.2
xdut.hold.n9                               0.2
xdut.hold.n10                              0.2
xdut.hold.n11                              0.2
xdut.hold.n12                              0.2
xdut.hold.n13                              0.2
xdut.hold.n14                              0.2
xdut.hold.n15                              0.2
xdut.hold.n16                              0.2
xdut.hold.n17                              0.2
xdut.hold.n18                              0.2
xdut.hold.n19                              0.2
xdut.hold.n20                              0.2
xdut.hold.n21                              0.2
xdut.hold.n22                              0.2
xdut.hold.n23                              0.2
xdut.hold.n24                              0.2
xdut.hold.n25                              0.2
xdut.hold.n26                              0.2
xdut.tail.n0                           0.96883
xdut.tail.n1                          0.968831
xdut.tail.n2                          0.968843
xdut.tail.n3                          0.968947
xdut.tail.n4                          0.968841
xdut.tail.n5                          0.968841
xdut.tail.n6                          0.968834
xdut.tail.n7                          0.968834
xdut.tail.n8                          0.968831
xdut.tail.n9                          0.968778
xdut.tail.n10                          0.96883
xdut.amp.n1                           0.625918
xdut.amp.n2                           0.625918
xdut.amp.n3                           0.625918
xdut.amp.n4                           0.625918
xdut.amp.n5                           0.625913
xdut.amp.n6                           0.625897
xdut.amp.n8                           0.625914
xdut.amp.n9                           0.625917
xdut.amp.n10                          0.625918
xdut.amp.n11                          0.625918
xdut.amp.n12                          0.625918
xdut.amp.n13                          0.625921
xdut.amp.n14                          0.625974
xdut.amp.n15                          0.625922
xdut.mirror.n0                        0.623154
xdut.mirror.n2                        0.623154
xdut.mirror.n3                        0.623154
xdut.mirror.n4                        0.623154
xdut.mirror.n5                        0.623154
xdut.mirror.n6                        0.623154
xdut.mirror.n7                        0.623154
xdut.mirror.n8                        0.623154
xdut.mirror.n9                        0.623154
xdut.mirror.n10                        0.62315
xdut.mirror.n11                       0.623133
xdut.mirror.n13                        0.62315
xdut.mirror.n14                       0.623157
xdut.mirror.n15                        0.62321
xdut.mirror.n16                       0.623158
xdut.vdpwr.n0                          1.97989
xdut.vdpwr.n1                          1.97989
xdut.vdpwr.n2                          1.97998
xdut.vdpwr.n3                          1.97989
xdut.vdpwr.n4                          1.97989
xdut.vdpwr.n5                          1.97991
xdut.vdpwr.n10                         1.97989
xdut.vdpwr.n17                         1.97989
xdut.vdpwr.n28                         1.97989
xdut.vdpwr.n49                         1.97989
xdut.vdpwr.n52                         1.97989
xdut.vdpwr.n53                         1.97989
xdut.vdpwr.n58                         1.97989
xdut.vdpwr.n65                         1.97989
xdut.vdpwr.n76                         1.97989
xdut.vdpwr.n97                         1.97989
xdut.vdpwr.n100                        1.97989
xdut.vdpwr.n105                        1.97989
xdut.vdpwr.n112                        1.97989
xdut.vdpwr.n123                        1.97989
xdut.vdpwr.n144                        1.97989
xdut.vdpwr.n147                        1.97989
xdut.vdpwr.n153                        1.97989
xdut.vdpwr.n154                        1.97989
xdut.vdpwr.n162                        1.97989
xdut.vdpwr.n163                        1.97989
xdut.vdpwr.n167                        1.97989
xdut.vdpwr.n175                        1.97989
xdut.vdpwr.n181                        1.97989
xdut.vdpwr.n188                        1.97989
xdut.vdpwr.n194                        1.97989
xdut.vdpwr.n198                        1.97989
xdut.vdpwr.n199                        1.97989
xdut.vdpwr.n205                        1.97989
xdut.vdpwr.n206                        1.97989
xdut.vdpwr.n214                        1.97989
xdut.vdpwr.n215                        1.97989
xdut.vdpwr.n219                        1.97989
xdut.vdpwr.n227                        1.97989
xdut.vdpwr.n233                        1.97989
xdut.vdpwr.n240                        1.97989
xdut.vdpwr.n246                        1.97989
xdut.vdpwr.n250                        1.97989
xdut.vdpwr.n251                        1.97989
xdut.vdpwr.n257                        1.97989
xdut.vdpwr.n258                        1.97989
xdut.vdpwr.n266                        1.97989
xdut.vdpwr.n267                        1.97989
xdut.vdpwr.n271                        1.97989
xdut.vdpwr.n279                        1.97989
xdut.vdpwr.n285                        1.97989
xdut.vdpwr.n292                        1.97989
xdut.vdpwr.n298                        1.97989
xdut.vdpwr.n302                        1.97989
xdut.vdpwr.n307                        1.97989
xdut.vdpwr.n312                        1.97989
xdut.vdpwr.n316                        1.97989
xdut.vdpwr.n348                        1.97989
xdut.vdpwr.n354                        1.97989
xdut.vdpwr.n355                        1.97989
xdut.vdpwr.n397                        1.97989
xdut.vdpwr.n398                        1.97989
xdut.vdpwr.n399                        1.97989
xdut.vdpwr.n405                        1.97989
xdut.vdpwr.n408                        1.97989
xdut.vdpwr.n413                        1.97989
xdut.vdpwr.n418                        1.97989
xdut.vdpwr.n422                        1.97989
xdut.vdpwr.n454                        1.97989
xdut.vdpwr.n460                        1.97989
xdut.vdpwr.n461                        1.97989
xdut.vdpwr.n503                        1.97989
xdut.vdpwr.n504                        1.97989
xdut.vdpwr.n505                        1.97989
xdut.vdpwr.n511                        1.97989
xdut.vdpwr.n514                        1.97989
xdut.vdpwr.n518                        1.97989
xdut.vdpwr.n521                        1.97989
xdut.vdpwr.n528                        1.97989
xdut.vdpwr.n532                        1.97989
xdut.vdpwr.n536                        1.97989
xdut.vdpwr.n540                        1.97989
xdut.vdpwr.n544                        1.97989
xdut.vdpwr.n548                        1.97989
xdut.vdpwr.n561                        1.97989
xdut.vdpwr.n567                        1.97989
xdut.vdpwr.n573                        1.97989
xdut.vdpwr.n579                        1.97989
xdut.vdpwr.n585                        1.97989
xdut.vdpwr.n592                        1.97989
xdut.vdpwr.n599                        1.97989
xdut.vdpwr.n605                        1.97989
xdut.vdpwr.n609                         1.9799
xdut.vdpwr.n612                         1.9799
xdut.vdpwr.n619                         1.9799
xdut.vdpwr.n623                         1.9799
xdut.vdpwr.n627                         1.9799
xdut.vdpwr.n631                         1.9799
xdut.vdpwr.n635                         1.9799
xdut.vdpwr.n639                         1.9799
xdut.vdpwr.n652                         1.9799
xdut.vdpwr.n658                         1.9799
xdut.vdpwr.n664                         1.9799
xdut.vdpwr.n670                         1.9799
xdut.vdpwr.n676                         1.9799
xdut.vdpwr.n683                         1.9799
xdut.vdpwr.n690                         1.9799
xdut.vdpwr.n696                         1.9799
xdut.vdpwr.n697                         1.9799
xdut.vdpwr.n702                        1.97991
xdut.vdpwr.n707                        1.97991
xdut.vdpwr.n711                        1.97991
xdut.vdpwr.n887                        1.97991
xdut.vdpwr.n893                        1.97991
xdut.vdpwr.n894                        1.97991
xdut.vdpwr.n1081                       1.97991
xdut.vdpwr.n1082                       1.97991
xdut.vdpwr.n1083                       1.97991
xdut.vdpwr.n1089                       1.97991
xdut.vdpwr.n1092                       1.97991
xdut.charge_high.n0                          0
xdut.charge_low.n0                           0
xdut.share.n0                                0
xdut.vref_high.n0                          0.9
xdut.vref_low.n0                           0.2
xdut.vout.n0                          0.200085
xdut.vout.n1                          0.200085
xdut.vout.n2                          0.200084
xdut.vdpwr.n156                        1.97989
xdut.vdpwr.n185                        1.97989
xdut.vdpwr.n190                        1.97989
xdut.vdpwr.n158                        1.97989
xdut.vdpwr.n187                        1.97989
xdut.vdpwr.n208                        1.97989
xdut.vdpwr.n237                        1.97989
xdut.vdpwr.n242                        1.97989
xdut.vdpwr.n210                        1.97989
xdut.vdpwr.n239                        1.97989
xdut.vdpwr.n260                        1.97989
xdut.vdpwr.n289                        1.97989
xdut.vdpwr.n294                        1.97989
xdut.vdpwr.n262                        1.97989
xdut.vdpwr.n291                        1.97989
xdut.vdpwr.n598                        1.97989
xdut.vdpwr.n596                        1.97989
xdut.vdpwr.n594                        1.97989
xdut.vdpwr.n527                        1.97989
xdut.vdpwr.n520                        1.97989
xdut.vdpwr.n519                        1.97989
xdut.vdpwr.n560                        1.97989
xdut.vdpwr.n558                        1.97989
xdut.vdpwr.n539                        1.97989
xdut.vdpwr.n575                        1.97989
xdut.vdpwr.n535                        1.97989
xdut.vdpwr.n581                        1.97989
xdut.vdpwr.n689                         1.9799
xdut.vdpwr.n687                         1.9799
xdut.vdpwr.n685                         1.9799
xdut.vdpwr.n618                         1.9799
xdut.vdpwr.n611                         1.9799
xdut.vdpwr.n610                         1.9799
xdut.vdpwr.n651                         1.9799
xdut.vdpwr.n649                         1.9799
xdut.vdpwr.n630                         1.9799
xdut.vdpwr.n666                         1.9799
xdut.vdpwr.n626                         1.9799
xdut.vdpwr.n672                         1.9799
xdut.vdpwr.n362                        1.97989
xdut.vdpwr.n373                        1.97989
xdut.vdpwr.n305                        1.97989
xdut.vdpwr.n309                        1.97989
xdut.vdpwr.n403                        1.97989
xdut.vdpwr.n468                        1.97989
xdut.vdpwr.n479                        1.97989
xdut.vdpwr.n411                        1.97989
xdut.vdpwr.n507                        1.97989
xdut.vdpwr.n415                        1.97989
xdut.vdpwr.n453                        1.97989
xdut.vdpwr.n451                        1.97989
xdut.vdpwr.n161                        1.97989
xdut.vdpwr.n183                        1.97989
xdut.vdpwr.n213                        1.97989
xdut.vdpwr.n235                        1.97989
xdut.vdpwr.n265                        1.97989
xdut.vdpwr.n287                        1.97989
xdut.vdpwr.n346                        1.97989
xdut.vdpwr.n311                        1.97989
xdut.vdpwr.n587                        1.97989
xdut.vdpwr.n531                        1.97989
xdut.vdpwr.n678                         1.9799
xdut.vdpwr.n622                         1.9799
xdut.vdpwr.n900                        1.97991
xdut.vdpwr.n942                        1.97991
xdut.vdpwr.n700                        1.97991
xdut.vdpwr.n1084                       1.97991
xdut.vdpwr.n1086                       1.97991
xdut.vdpwr.n708                        1.97991
xdut.vdpwr.n889                        1.97991
xdut.vdpwr.n895                        1.97991
xdut.vdpwr.n897                        1.97991
xdut.vgnd.n923                     0.000258947
xdut.vgnd.n930                     0.000256643
xdut.vgnd.n50                      0.000236333
xdut.vgnd.n723                     0.000231219
xdut.vgnd.n1                       0.000232544
xdut.vgnd.n798                     0.000232152
xdut.vgnd.n728                     0.000231702
xdut.vgnd.n676                     0.000231752
xdut.vgnd.n678                      0.00023203
xdut.vgnd.n693                     0.000232355
xdut.vgnd.n740                     0.000232092
xdut.vgnd.n742                     0.000232142
xdut.vgnd.n738                     0.000231935
xdut.vgnd.n674                      0.00023184
xdut.vgnd.n732                     0.000231848
xdut.vgnd.n0                       0.000236429
xdut.vgnd.n5                       0.000123945
vforce#branch                      1.57999e-12
vs#branch                                    0
vl#branch                                    0
vh#branch                                    0
vlo#branch                         1.58005e-12
vhi#branch                         1.80037e-13
vdd#branch                        -1.28095e-05

 Reference value :  0.00000e+00 Reference value :  8.76267e-06 Reference value :  1.42710e-05
No. of Data Rows : 1024
ngspice-46 done
